16 pack(s) to zip and upload.
zipping QuestReaderAddon_Pack_BattleforAzeroth_Part1 ...
  uploading (461,167,996 bytes, sha256 d275b1cfecdf...) ...
  done
zipping QuestReaderAddon_Pack_BattleforAzeroth_Part2 ...
  uploading (232,366,713 bytes, sha256 a0d2e4f63ebf...) ...
  done
zipping QuestReaderAddon_Pack_Cataclysm_Part1 ...
  uploading (470,429,420 bytes, sha256 9d8616a868bb...) ...
  done
zipping QuestReaderAddon_Pack_Cataclysm_Part2 ...
  uploading (334,633,671 bytes, sha256 71c4becdb475...) ...
  done
zipping QuestReaderAddon_Pack_Classic_Part1 ...
  uploading (484,094,495 bytes, sha256 b6a66c7506c3...) ...
  done
zipping QuestReaderAddon_Pack_Classic_Part2 ...
  uploading (463,780,705 bytes, sha256 8534bb7f79f3...) ...
  done
zipping QuestReaderAddon_Pack_Classic_Part3 ...
  uploading (14,338,283 bytes, sha256 5d92681029e6...) ...
  done
zipping QuestReaderAddon_Pack_Classic_Part4 ...
  uploading (77,472,336 bytes, sha256 12a38d469a75...) ...
  done
zipping QuestReaderAddon_Pack_Classic_Part5 ...
  uploading (195,192,637 bytes, sha256 aba8251c38d9...) ...
  done
zipping QuestReaderAddon_Pack_Classic_Part6 ...
  uploading (1,482,226 bytes, sha256 2219be1f7cd9...) ...
  done
zipping QuestReaderAddon_Pack_Midnight ...
  uploading (115,670,354 bytes, sha256 99353ddd86b9...) ...
  done
zipping QuestReaderAddon_Pack_MistsofPandaria ...
  uploading (422,671,597 bytes, sha256 7bcee7f5c2f2...) ...
  done
zipping QuestReaderAddon_Pack_Shadowlands ...
  uploading (470,899,123 bytes, sha256 eff471126e5e...) ...
  done
zipping QuestReaderAddon_Pack_TheWarWithin ...
  uploading (218,976,689 bytes, sha256 fb15ce60c1ff...) ...
  done
zipping QuestReaderAddon_Pack_WarlordsofDraenor ...
  uploading (470,251,505 bytes, sha256 de47ea762000...) ...
  done
zipping QuestReaderAddon_Pack_WrathoftheLichKing ...
  uploading (452,956,846 bytes, sha256 4981287f498a...) ...
  done

Uploaded manifest.json.

Done: 16 pack(s) processed.
